###############################################################################
#
# IAR ELF Linker V2.10.2.149 for STM8                     07/Dec/2016  10:10:40
# Copyright 2010-2014 IAR Systems AB.
#
#    Output file  =  
#        F:\share\gitHub\windSensor\Wind-Stm8\Debug\Exe\Discover.out
#    Map file     =  
#        F:\share\gitHub\windSensor\Wind-Stm8\Debug\List\Discover.map
#    Command line =  
#        F:\share\gitHub\windSensor\Wind-Stm8\Debug\Obj\board.o
#        F:\share\gitHub\windSensor\Wind-Stm8\Debug\Obj\CC1101.o
#        F:\share\gitHub\windSensor\Wind-Stm8\Debug\Obj\delay.o
#        F:\share\gitHub\windSensor\Wind-Stm8\Debug\Obj\discover_functions.o
#        F:\share\gitHub\windSensor\Wind-Stm8\Debug\Obj\eeprom.o
#        F:\share\gitHub\windSensor\Wind-Stm8\Debug\Obj\icc_measure.o
#        F:\share\gitHub\windSensor\Wind-Stm8\Debug\Obj\main.o
#        F:\share\gitHub\windSensor\Wind-Stm8\Debug\Obj\stm8l15x_adc.o
#        F:\share\gitHub\windSensor\Wind-Stm8\Debug\Obj\stm8l15x_clk.o
#        F:\share\gitHub\windSensor\Wind-Stm8\Debug\Obj\stm8l15x_exti.o
#        F:\share\gitHub\windSensor\Wind-Stm8\Debug\Obj\stm8l15x_flash.o
#        F:\share\gitHub\windSensor\Wind-Stm8\Debug\Obj\stm8l15x_gpio.o
#        F:\share\gitHub\windSensor\Wind-Stm8\Debug\Obj\stm8l15x_it.o
#        F:\share\gitHub\windSensor\Wind-Stm8\Debug\Obj\stm8l15x_itc.o
#        F:\share\gitHub\windSensor\Wind-Stm8\Debug\Obj\stm8l15x_lcd.o
#        F:\share\gitHub\windSensor\Wind-Stm8\Debug\Obj\stm8l15x_pwr.o
#        F:\share\gitHub\windSensor\Wind-Stm8\Debug\Obj\stm8l15x_spi.o
#        F:\share\gitHub\windSensor\Wind-Stm8\Debug\Obj\stm8l15x_usart.o
#        F:\share\gitHub\windSensor\Wind-Stm8\Debug\Obj\stm8l_discovery_lcd.o
#        --redirect _Printf=_PrintfFullNoMb --redirect _Scanf=_ScanfFullNoMb -o
#        F:\share\gitHub\windSensor\Wind-Stm8\Debug\Exe\Discover.out --map
#        F:\share\gitHub\windSensor\Wind-Stm8\Debug\List\Discover.map --config
#        "C:\Program Files (x86)\IAR Systems\Embedded Workbench
#        7.0\stm8\config\lnkstm8l101f3.icf" --config_def _CSTACK_SIZE=0x100
#        --config_def _HEAP_SIZE=0x100 --entry __iar_program_start --debug_lib
#
###############################################################################

*******************************************************************************
*** RUNTIME MODEL ATTRIBUTES
***

__SystemLibrary            = DLib
__code_model               = small
__core                     = stm8
__data_model               = medium
__dlib_file_descriptor     = 0
__dlib_full_locale_support = 0
__rt_version               = 4


*******************************************************************************
*** PLACEMENT SUMMARY
***

"A1":  place at start of [0x000000-0x0000ff] { rw section .vregs };
"A2":  place at end of [0x000000-0x0005ff] { block CSTACK };
"P2":  place in [from 0x000000 to 0x0005ff] {
          block HEAP, rw section __DLIB_PERTHREAD, rw section .far.bss,
          rw section .far.data, rw section .far.noinit,
          rw section .far_func.textrw, rw section .huge.bss,
          rw section .huge.data, rw section .huge.noinit,
          rw section .huge_func.textrw, rw section .iar.dynexit,
          rw section .near.bss, rw section .near.data, rw section .near.noinit,
          rw section .near_func.textrw };
"A3":  place at start of [0x008000-0x009fff] { block INTVEC };
"P3":  place in [from 0x008000 to 0x009fff] {
          ro section __DLIB_PERTHREAD_init, ro section .far.data_init,
          ro section .far_func.textrw_init, ro section .huge.data_init,
          ro section .huge_func.textrw_init, ro section .iar.init_table,
          ro section .init_array, ro section .near.data_init,
          ro section .near.rodata, ro section .near_func.text,
          ro section .near_func.textrw_init, ro section .tiny.data_init,
          ro section .tiny.rodata_init };

  Section            Kind      Address   Size  Object
  -------            ----      -------   ----  ------
"A1":                                    0x10
  .vregs             uninit   0x000000   0x10  vregs.o [4]
                            - 0x000010   0x10

"P2":                                     0xc
  P2 s0                       0x000010    0xc  <Init block>
    .near.data       inited   0x000010    0xb  main.o [1]
    .near.bss        inited   0x00001b    0x1  main.o [1]
                            - 0x00001c    0xc

"A2":                                   0x100
  CSTACK                      0x000500  0x100  <Block>
    CSTACK           uninit   0x000500  0x100  <Block tail>
                            - 0x000600  0x100

"A3":                                    0x80
  INTVEC                      0x008000   0x80  <Block>
    .intvec          const    0x008000   0x80  interrupt.o [4]
                            - 0x008080   0x80

"P3":                                   0x910
  .near_func.text    ro code  0x008080  0x19a  main.o [1]
  .near_func.text    ro code  0x00821a  0x12c  main.o [1]
  .near_func.text    ro code  0x008346  0x10e  CC1101.o [1]
  .near_func.text    ro code  0x008454   0xe4  main.o [1]
  .near_func.text    ro code  0x008538   0xae  stm8l15x_gpio.o [1]
  .near_func.text    ro code  0x0085e6   0x97  vreg_util.o [4]
  .near_func.text    ro code  0x00867d   0x78  main.o [1]
  .near_func.text    ro code  0x0086f5   0x72  CC1101.o [1]
  .near_func.text    ro code  0x008767   0x4c  board.o [1]
  .near_func.text    ro code  0x0087b3   0x32  main.o [1]
  .near_func.text    ro code  0x0087e5   0x2f  board.o [1]
  .near_func.text    ro code  0x008814   0x29  main.o [1]
  .near_func.text    ro code  0x00883d   0x28  init_small.o [4]
  .near_func.text    ro code  0x008865   0x21  stm8l15x_exti.o [1]
  .iar.init_table    const    0x008886    0xa  - Linker created -
  .near_func.text    ro code  0x008890   0x1b  stm8l15x_it.o [1]
  .near_func.text    ro code  0x0088ab   0x17  init.o [4]
  .near_func.text    ro code  0x0088c2   0x15  stm8l15x_spi.o [1]
  .near_func.text    ro code  0x0088d7   0x14  __dbg_xxexit.o [3]
  .near_func.text    ro code  0x0088eb   0x13  cstartup.o [4]
  .near_func.text    ro code  0x0088fe    0xd  move.o [4]
  .near.rodata       const    0x00890b    0xa  main.o [1]
  .near.rodata       const    0x008915    0xa  main.o [1]
  .near_func.text    ro code  0x00891f    0x5  main.o [1]
  .near_func.text    ro code  0x008924    0x5  stm8l15x_spi.o [1]
  .near_func.text    ro code  0x008929    0x5  stm8l15x_spi.o [1]
  .near_func.text    ro code  0x00892e    0x5  cexit.o [4]
  .near_func.text    ro code  0x008933    0x4  stm8l15x_gpio.o [1]
  .near_func.text    ro code  0x008937    0x3  stm8l15x_gpio.o [1]
  .near_func.text    ro code  0x00893a    0x3  stm8l15x_gpio.o [1]
  .near_func.text    ro code  0x00893d    0x3  interrupt.o [4]
  .near_func.text    ro code  0x008940    0x3  low_level_init.o [4]
  .near_func.text    ro code  0x008943    0x3  exit.o [4]
  .near_func.text    ro code  0x008946    0x3  unhandled_exception.o [4]
  .near_func.text    ro code  0x008949    0x2  stm8l15x_it.o [1]
  .near_func.text    ro code  0x00894b    0x2  stm8l15x_it.o [1]
  .near_func.text    ro code  0x00894d    0x2  stm8l15x_it.o [1]
  .near_func.text    ro code  0x00894f    0x2  stm8l15x_it.o [1]
  .near_func.text    ro code  0x008951    0x2  stm8l15x_it.o [1]
  .near_func.text    ro code  0x008953    0x2  stm8l15x_it.o [1]
  .near_func.text    ro code  0x008955    0x2  stm8l15x_it.o [1]
  .near_func.text    ro code  0x008957    0x2  stm8l15x_it.o [1]
  .near_func.text    ro code  0x008959    0x2  stm8l15x_it.o [1]
  .near_func.text    ro code  0x00895b    0x2  stm8l15x_it.o [1]
  .near_func.text    ro code  0x00895d    0x2  stm8l15x_it.o [1]
  .near_func.text    ro code  0x00895f    0x2  stm8l15x_it.o [1]
  .near_func.text    ro code  0x008961    0x2  stm8l15x_it.o [1]
  .near_func.text    ro code  0x008963    0x2  stm8l15x_it.o [1]
  .near_func.text    ro code  0x008965    0x2  stm8l15x_it.o [1]
  .near_func.text    ro code  0x008967    0x2  stm8l15x_it.o [1]
  .near_func.text    ro code  0x008969    0x2  stm8l15x_it.o [1]
  .near_func.text    ro code  0x00896b    0x2  stm8l15x_it.o [1]
  .near_func.text    ro code  0x00896d    0x2  stm8l15x_it.o [1]
  .near_func.text    ro code  0x00896f    0x2  stm8l15x_it.o [1]
  .near_func.text    ro code  0x008971    0x2  stm8l15x_it.o [1]
  .near_func.text    ro code  0x008973    0x2  stm8l15x_it.o [1]
  .near_func.text    ro code  0x008975    0x2  stm8l15x_it.o [1]
  .near_func.text    ro code  0x008977    0x2  stm8l15x_it.o [1]
  .near_func.text    ro code  0x008979    0x2  stm8l15x_it.o [1]
  .near_func.text    ro code  0x00897b    0x2  stm8l15x_it.o [1]
  .near_func.text    ro code  0x00897d    0x2  stm8l15x_it.o [1]
  .near_func.text    ro code  0x00897f    0x2  stm8l15x_it.o [1]
  .near_func.text    ro code  0x008981    0x2  stm8l15x_it.o [1]
  .near_func.text    ro code  0x008983    0x1  __dbg_break.o [3]
  Initializer bytes  ro data  0x008984    0xc  <for P2 s0>
                            - 0x008990  0x910


*******************************************************************************
*** INIT TABLE
***

          Address   Size
          -------   ----
Copy (__iar_copy_init2)
    1 source range, total size 0xc:
          0x008984   0xc
    1 destination range, total size 0xc:
          0x000010   0xc



*******************************************************************************
*** MODULE SUMMARY
***

    Module                 ro code  ro data  rw data
    ------                 -------  -------  -------
F:\share\gitHub\windSensor\Wind-Stm8\Debug\Obj: [1]
    CC1101.o                   384
    board.o                    123
    main.o                   1 154       32       12
    stm8l15x_exti.o             33
    stm8l15x_gpio.o            184
    stm8l15x_it.o               85
    stm8l15x_spi.o              31
    ------------------------------------------------
    Total:                   1 994       32       12

command line: [2]
    ------------------------------------------------
    Total:

dbgstm8smd.a: [3]
    __dbg_break.o                1
    __dbg_xxexit.o              20
    ------------------------------------------------
    Total:                      21

dlstm8smn.a: [4]
    cexit.o                      5
    cstartup.o                  19
    exit.o                       3
    init.o                      23
    init_small.o                40
    interrupt.o                  3      128
    low_level_init.o             3
    move.o                      13
    unhandled_exception.o        3
    vreg_util.o                151
    vregs.o                                       16
    ------------------------------------------------
    Total:                     263      128       16

    Linker created                       10      256
----------------------------------------------------
    Grand Total:             2 278      170      284


*******************************************************************************
*** ENTRY LIST
***

Entry                    Address   Size  Type      Object
-----                    -------   ----  ----      ------
?b0                     0x000000         Data  Gb  vregs.o [4]
?b1                     0x000001         Data  Gb  vregs.o [4]
?b10                    0x00000a         Data  Gb  vregs.o [4]
?b11                    0x00000b         Data  Gb  vregs.o [4]
?b12                    0x00000c         Data  Gb  vregs.o [4]
?b13                    0x00000d         Data  Gb  vregs.o [4]
?b14                    0x00000e         Data  Gb  vregs.o [4]
?b15                    0x00000f         Data  Gb  vregs.o [4]
?b2                     0x000002         Data  Gb  vregs.o [4]
?b3                     0x000003         Data  Gb  vregs.o [4]
?b4                     0x000004         Data  Gb  vregs.o [4]
?b5                     0x000005         Data  Gb  vregs.o [4]
?b6                     0x000006         Data  Gb  vregs.o [4]
?b7                     0x000007         Data  Gb  vregs.o [4]
?b8                     0x000008         Data  Gb  vregs.o [4]
?b9                     0x000009         Data  Gb  vregs.o [4]
?e0                     0x000001         Data  Gb  vregs.o [4]
?e1                     0x000005         Data  Gb  vregs.o [4]
?e2                     0x000009         Data  Gb  vregs.o [4]
?e3                     0x00000d         Data  Gb  vregs.o [4]
?epilogue_l2            0x008675         Code  Gb  vreg_util.o [4]
?epilogue_l2_l3         0x008672         Code  Gb  vreg_util.o [4]
?epilogue_w4            0x008679         Code  Gb  vreg_util.o [4]
?l0                     0x000000         Data  Gb  vregs.o [4]
?l1                     0x000004         Data  Gb  vregs.o [4]
?l2                     0x000008         Data  Gb  vregs.o [4]
?l3                     0x00000c         Data  Gb  vregs.o [4]
?move1616_v_x_y_a       0x0088fe         Code  Gb  move.o [4]
?pop_l0                 0x00863e         Code  Gb  vreg_util.o [4]
?pop_l1                 0x008649         Code  Gb  vreg_util.o [4]
?pop_l2                 0x008654         Code  Gb  vreg_util.o [4]
?pop_l3                 0x00865f         Code  Gb  vreg_util.o [4]
?pop_w4                 0x0085fe         Code  Gb  vreg_util.o [4]
?push_l0                0x00860d         Code  Gb  vreg_util.o [4]
?push_l1                0x008612         Code  Gb  vreg_util.o [4]
?push_l2                0x008617         Code  Gb  vreg_util.o [4]
?push_l3                0x00861c         Code  Gb  vreg_util.o [4]
?push_w4                0x0085e6         Code  Gb  vreg_util.o [4]
?w0                     0x000000         Data  Gb  vregs.o [4]
?w1                     0x000002         Data  Gb  vregs.o [4]
?w2                     0x000004         Data  Gb  vregs.o [4]
?w3                     0x000006         Data  Gb  vregs.o [4]
?w4                     0x000008         Data  Gb  vregs.o [4]
?w5                     0x00000a         Data  Gb  vregs.o [4]
?w6                     0x00000c         Data  Gb  vregs.o [4]
?w7                     0x00000e         Data  Gb  vregs.o [4]
ADC1_COMP_IRQHandler    0x00896b    0x2  Code  Gb  stm8l15x_it.o [1]
CC1101ClrTXBuff         0x008346    0x8  Code  Gb  CC1101.o [1]
CC1101ReadReg           0x00841f   0x35  Code  Gb  CC1101.o [1]
CC1101SendPacket        0x0086f5   0x72  Code  Gb  CC1101.o [1]
CC1101SetIdle           0x00834e    0x5  Code  Gb  CC1101.o [1]
CC1101SetTRMode         0x0083fb   0x24  Code  Gb  CC1101.o [1]
CC1101WriteCmd          0x008353   0x2a  Code  Gb  CC1101.o [1]
CC1101WriteMultiReg     0x00837d   0x4d  Code  Gb  CC1101.o [1]
CC1101WriteReg          0x0083ca   0x31  Code  Gb  CC1101.o [1]
CLK_init                0x00891f    0x5  Code  Gb  main.o [1]
CRC_ENC                 0x008814   0x29  Code  Gb  main.o [1]
CSTACK$$Base            0x000500          --   Gb  - Linker created -
CSTACK$$Limit           0x000600          --   Gb  - Linker created -
DMA1_CHANNEL0_1_IRQHandler
                        0x00894f    0x2  Code  Gb  stm8l15x_it.o [1]
DMA1_CHANNEL2_3_IRQHandler
                        0x008951    0x2  Code  Gb  stm8l15x_it.o [1]
EXTI0_IRQHandler        0x00895b    0x2  Code  Gb  stm8l15x_it.o [1]
EXTI1_IRQHandler        0x00867d   0x78  Code  Gb  main.o [1]
EXTI2_IRQHandler        0x00895d    0x2  Code  Gb  stm8l15x_it.o [1]
EXTI3_IRQHandler        0x00895f    0x2  Code  Gb  stm8l15x_it.o [1]
EXTI4_IRQHandler        0x008961    0x2  Code  Gb  stm8l15x_it.o [1]
EXTI5_IRQHandler        0x008963    0x2  Code  Gb  stm8l15x_it.o [1]
EXTI6_IRQHandler        0x008890   0x1b  Code  Gb  stm8l15x_it.o [1]
EXTI7_IRQHandler        0x008965    0x2  Code  Gb  stm8l15x_it.o [1]
EXTIB_IRQHandler        0x008957    0x2  Code  Gb  stm8l15x_it.o [1]
EXTID_IRQHandler        0x008959    0x2  Code  Gb  stm8l15x_it.o [1]
EXTIE_F_PVD_IRQHandler  0x008955    0x2  Code  Gb  stm8l15x_it.o [1]
EXTI_ClearITPendingBit  0x008865   0x21  Code  Gb  stm8l15x_exti.o [1]
FLASH_IRQHandler        0x00894d    0x2  Code  Gb  stm8l15x_it.o [1]
GPIO_Init               0x008538   0xae  Code  Gb  stm8l15x_gpio.o [1]
GPIO_Initial            0x008767   0x4c  Code  Gb  board.o [1]
GPIO_ReadInputDataBit   0x00893a    0x3  Code  Gb  stm8l15x_gpio.o [1]
GPIO_ResetBits          0x008933    0x4  Code  Gb  stm8l15x_gpio.o [1]
GPIO_SetBits            0x008937    0x3  Code  Gb  stm8l15x_gpio.o [1]
I2C1_IRQHandler         0x008981    0x2  Code  Gb  stm8l15x_it.o [1]
INTVEC$$Base            0x008000          --   Gb  - Linker created -
INTVEC$$Limit           0x008080          --   Gb  - Linker created -
LCD_IRQHandler          0x008967    0x2  Code  Gb  stm8l15x_it.o [1]
NonHandledInterrupt     0x008949    0x2  Code  Gb  stm8l15x_it.o [1]
RTC_IRQHandler          0x008953    0x2  Code  Gb  stm8l15x_it.o [1]
Region$$Table$$Base     0x008886          --   Gb  - Linker created -
Region$$Table$$Limit    0x008890          --   Gb  - Linker created -
SPI1_IRQHandler         0x00897b    0x2  Code  Gb  stm8l15x_it.o [1]
SPI_ExchangeByte        0x0087e5   0x2f  Code  Gb  board.o [1]
SPI_GetFlagStatus       0x0088c2   0x15  Code  Gb  stm8l15x_spi.o [1]
SPI_ReceiveData         0x008929    0x5  Code  Gb  stm8l15x_spi.o [1]
SPI_SendData            0x008924    0x5  Code  Gb  stm8l15x_spi.o [1]
SWITCH_CSS_BREAK_DAC_IRQHandler
                        0x008969    0x2  Code  Gb  stm8l15x_it.o [1]
TIM1_CAP_IRQHandler     0x008977    0x2  Code  Gb  stm8l15x_it.o [1]
TIM1_UPD_OVF_TRG_COM_IRQHandler
                        0x008975    0x2  Code  Gb  stm8l15x_it.o [1]
TIM2_CAP_IRQHandler     0x00896f    0x2  Code  Gb  stm8l15x_it.o [1]
TIM2_UPD_OVF_TRG_BRK_IRQHandler
                        0x00896d    0x2  Code  Gb  stm8l15x_it.o [1]
TIM3_CAP_IRQHandler     0x008973    0x2  Code  Gb  stm8l15x_it.o [1]
TIM3_UPD_OVF_TRG_BRK_IRQHandler
                        0x008971    0x2  Code  Gb  stm8l15x_it.o [1]
TIM4_UPD_OVF_TRG_IRQHandler
                        0x008979    0x2  Code  Gb  stm8l15x_it.o [1]
TRAP_IRQHandler         0x00894b    0x2  Code  Gb  stm8l15x_it.o [1]
USART1_RX_IRQHandler    0x00897f    0x2  Code  Gb  stm8l15x_it.o [1]
USART1_TX_IRQHandler    0x00897d    0x2  Code  Gb  stm8l15x_it.o [1]
__DebugBreak            0x008983    0x1  Code  Gb  __dbg_break.o [3]
__exit                  0x0088d7   0x14  Code  Gb  __dbg_xxexit.o [3]
__iar_copy_init2        0x00883d         Code  Gb  init_small.o [4]
__iar_data_init2        0x0088ab   0x17  Code  Gb  init.o [4]
__iar_program_start     0x0088eb         Code  Gb  cstartup.o [4]
__iar_unhandled_exception
                        0x008946         Code  Gb  unhandled_exception.o [4]
__intvec                0x008000         Data  Gb  interrupt.o [4]
__low_level_init        0x008940    0x3  Code  Gb  low_level_init.o [4]
_exit                   0x00892e         Code  Gb  cexit.o [4]
_interrupt_1            0x00894b         Code  Gb  stm8l15x_it.o [1]
_interrupt_10           0x00895b         Code  Gb  stm8l15x_it.o [1]
_interrupt_11           0x00867d         Code  Gb  main.o [1]
_interrupt_12           0x00895d         Code  Gb  stm8l15x_it.o [1]
_interrupt_13           0x00895f         Code  Gb  stm8l15x_it.o [1]
_interrupt_14           0x008961         Code  Gb  stm8l15x_it.o [1]
_interrupt_15           0x008963         Code  Gb  stm8l15x_it.o [1]
_interrupt_16           0x008890         Code  Gb  stm8l15x_it.o [1]
_interrupt_17           0x008965         Code  Gb  stm8l15x_it.o [1]
_interrupt_18           0x008967         Code  Gb  stm8l15x_it.o [1]
_interrupt_19           0x008969         Code  Gb  stm8l15x_it.o [1]
_interrupt_2            0x008949         Code  Gb  stm8l15x_it.o [1]
_interrupt_20           0x00896b         Code  Gb  stm8l15x_it.o [1]
_interrupt_21           0x00896d         Code  Gb  stm8l15x_it.o [1]
_interrupt_22           0x00896f         Code  Gb  stm8l15x_it.o [1]
_interrupt_23           0x008971         Code  Gb  stm8l15x_it.o [1]
_interrupt_24           0x008973         Code  Gb  stm8l15x_it.o [1]
_interrupt_25           0x008975         Code  Gb  stm8l15x_it.o [1]
_interrupt_26           0x008977         Code  Gb  stm8l15x_it.o [1]
_interrupt_27           0x008979         Code  Gb  stm8l15x_it.o [1]
_interrupt_28           0x00897b         Code  Gb  stm8l15x_it.o [1]
_interrupt_29           0x00897d         Code  Gb  stm8l15x_it.o [1]
_interrupt_3            0x00894d         Code  Gb  stm8l15x_it.o [1]
_interrupt_30           0x00897f         Code  Gb  stm8l15x_it.o [1]
_interrupt_31           0x008981         Code  Gb  stm8l15x_it.o [1]
_interrupt_4            0x00894f         Code  Gb  stm8l15x_it.o [1]
_interrupt_5            0x008951         Code  Gb  stm8l15x_it.o [1]
_interrupt_6            0x008953         Code  Gb  stm8l15x_it.o [1]
_interrupt_7            0x008955         Code  Gb  stm8l15x_it.o [1]
_interrupt_8            0x008957         Code  Gb  stm8l15x_it.o [1]
_interrupt_9            0x008959         Code  Gb  stm8l15x_it.o [1]
delayled                0x008454   0xe4  Code  Gb  main.o [1]
exit                    0x008943    0x3  Code  Gb  exit.o [4]
ledBlink                0x0087b3   0x32  Code  Gb  main.o [1]
main                    0x008080  0x19a  Code  Gb  main.o [1]
send_rfdata_All         0x00821a  0x12c  Code  Gb  main.o [1]
state_irq               0x00001b    0x1  Data  Gb  main.o [1]
txBuffer                0x000010    0xb  Data  Gb  main.o [1]


[1] = F:\share\gitHub\windSensor\Wind-Stm8\Debug\Obj
[2] = command line
[3] = dbgstm8smd.a
[4] = dlstm8smn.a

  2 278 bytes of readonly  code memory
    170 bytes of readonly  data memory
    284 bytes of readwrite data memory

Errors: none
Warnings: none
